mode: set
github.com/Subcore/todo-app-v2/internal/service/todo_service.go:37.65,39.2 1 1
github.com/Subcore/todo-app-v2/internal/service/todo_service.go:42.125,44.17 2 1
github.com/Subcore/todo-app-v2/internal/service/todo_service.go:44.17,46.3 1 1
github.com/Subcore/todo-app-v2/internal/service/todo_service.go:48.2,48.17 1 1
github.com/Subcore/todo-app-v2/internal/service/todo_service.go:48.17,50.3 1 1
github.com/Subcore/todo-app-v2/internal/service/todo_service.go:52.2,59.49 2 1
github.com/Subcore/todo-app-v2/internal/service/todo_service.go:59.49,61.3 1 0
github.com/Subcore/todo-app-v2/internal/service/todo_service.go:63.2,63.18 1 1
github.com/Subcore/todo-app-v2/internal/service/todo_service.go:67.82,69.2 1 1
github.com/Subcore/todo-app-v2/internal/service/todo_service.go:72.103,74.2 1 1
github.com/Subcore/todo-app-v2/internal/service/todo_service.go:77.151,79.16 2 1
github.com/Subcore/todo-app-v2/internal/service/todo_service.go:79.16,81.3 1 1
github.com/Subcore/todo-app-v2/internal/service/todo_service.go:83.2,84.17 2 1
github.com/Subcore/todo-app-v2/internal/service/todo_service.go:84.17,86.3 1 1
github.com/Subcore/todo-app-v2/internal/service/todo_service.go:88.2,90.22 2 1
github.com/Subcore/todo-app-v2/internal/service/todo_service.go:90.22,92.3 1 1
github.com/Subcore/todo-app-v2/internal/service/todo_service.go:94.2,94.20 1 1
github.com/Subcore/todo-app-v2/internal/service/todo_service.go:94.20,96.3 1 1
github.com/Subcore/todo-app-v2/internal/service/todo_service.go:98.2,98.17 1 1
github.com/Subcore/todo-app-v2/internal/service/todo_service.go:98.17,100.3 1 1
github.com/Subcore/todo-app-v2/internal/service/todo_service.go:102.2,102.49 1 1
github.com/Subcore/todo-app-v2/internal/service/todo_service.go:102.49,104.3 1 0
github.com/Subcore/todo-app-v2/internal/service/todo_service.go:106.2,106.18 1 1
github.com/Subcore/todo-app-v2/internal/service/todo_service.go:110.70,112.2 1 1
github.com/Subcore/todo-app-v2/internal/service/todo_service.go:115.71,117.2 1 1
github.com/Subcore/todo-app-v2/internal/service/todo_service.go:120.82,122.2 1 1
github.com/Subcore/todo-app-v2/internal/repository/todo_repo.go:32.52,34.2 1 0
github.com/Subcore/todo-app-v2/internal/repository/todo_repo.go:37.78,39.2 1 0
github.com/Subcore/todo-app-v2/internal/repository/todo_repo.go:42.85,44.69 2 0
github.com/Subcore/todo-app-v2/internal/repository/todo_repo.go:44.69,45.45 1 0
github.com/Subcore/todo-app-v2/internal/repository/todo_repo.go:45.45,47.4 1 0
github.com/Subcore/todo-app-v2/internal/repository/todo_repo.go:48.3,48.18 1 0
github.com/Subcore/todo-app-v2/internal/repository/todo_repo.go:50.2,50.19 1 0
github.com/Subcore/todo-app-v2/internal/repository/todo_repo.go:54.101,58.29 3 0
github.com/Subcore/todo-app-v2/internal/repository/todo_repo.go:58.29,60.3 1 0
github.com/Subcore/todo-app-v2/internal/repository/todo_repo.go:61.2,61.25 1 0
github.com/Subcore/todo-app-v2/internal/repository/todo_repo.go:61.25,63.3 1 0
github.com/Subcore/todo-app-v2/internal/repository/todo_repo.go:64.2,64.29 1 0
github.com/Subcore/todo-app-v2/internal/repository/todo_repo.go:64.29,66.3 1 0
github.com/Subcore/todo-app-v2/internal/repository/todo_repo.go:67.2,67.28 1 0
github.com/Subcore/todo-app-v2/internal/repository/todo_repo.go:67.28,69.3 1 0
github.com/Subcore/todo-app-v2/internal/repository/todo_repo.go:71.2,71.74 1 0
github.com/Subcore/todo-app-v2/internal/repository/todo_repo.go:71.74,73.3 1 0
github.com/Subcore/todo-app-v2/internal/repository/todo_repo.go:74.2,74.19 1 0
github.com/Subcore/todo-app-v2/internal/repository/todo_repo.go:78.78,80.2 1 0
github.com/Subcore/todo-app-v2/internal/repository/todo_repo.go:84.69,86.25 2 0
github.com/Subcore/todo-app-v2/internal/repository/todo_repo.go:86.25,88.3 1 0
github.com/Subcore/todo-app-v2/internal/repository/todo_repo.go:89.2,89.30 1 0
github.com/Subcore/todo-app-v2/internal/repository/todo_repo.go:89.30,91.3 1 0
github.com/Subcore/todo-app-v2/internal/repository/todo_repo.go:92.2,92.12 1 0
github.com/Subcore/todo-app-v2/internal/repository/todo_repo.go:96.69,98.2 1 0
github.com/Subcore/todo-app-v2/internal/repository/todo_repo.go:101.80,105.2 3 0
github.com/Subcore/todo-app-v2/internal/config/db.go:15.33,28.16 9 0
github.com/Subcore/todo-app-v2/internal/config/db.go:28.16,30.3 1 0
github.com/Subcore/todo-app-v2/internal/config/db.go:32.2,33.16 2 0
github.com/Subcore/todo-app-v2/internal/config/db.go:33.16,35.3 1 0
github.com/Subcore/todo-app-v2/internal/config/db.go:38.2,39.16 2 0
github.com/Subcore/todo-app-v2/internal/config/db.go:39.16,42.3 2 0
github.com/Subcore/todo-app-v2/internal/config/db.go:43.2,44.16 2 0
github.com/Subcore/todo-app-v2/internal/config/db.go:44.16,47.3 2 0
github.com/Subcore/todo-app-v2/internal/config/db.go:48.2,49.16 2 0
github.com/Subcore/todo-app-v2/internal/config/db.go:49.16,52.3 2 0
github.com/Subcore/todo-app-v2/internal/config/db.go:54.2,58.16 4 0
github.com/Subcore/todo-app-v2/internal/config/db.go:62.42,63.40 1 0
github.com/Subcore/todo-app-v2/internal/config/db.go:63.40,65.3 1 0
github.com/Subcore/todo-app-v2/internal/config/db.go:66.2,66.17 1 0
github.com/Subcore/todo-app-v2/internal/handler/health.go:17.51,19.2 1 0
github.com/Subcore/todo-app-v2/internal/handler/health.go:28.49,30.2 1 0
github.com/Subcore/todo-app-v2/internal/handler/health.go:40.48,41.17 1 0
github.com/Subcore/todo-app-v2/internal/handler/health.go:41.17,45.3 3 0
github.com/Subcore/todo-app-v2/internal/handler/health.go:47.2,48.16 2 0
github.com/Subcore/todo-app-v2/internal/handler/health.go:48.16,50.3 1 0
github.com/Subcore/todo-app-v2/internal/handler/health.go:52.2,52.16 1 0
github.com/Subcore/todo-app-v2/internal/handler/health.go:52.16,56.3 3 0
github.com/Subcore/todo-app-v2/internal/handler/health.go:58.2,58.46 1 0
github.com/Subcore/todo-app-v2/internal/handler/todo_handler.go:21.59,23.2 1 0
github.com/Subcore/todo-app-v2/internal/handler/todo_handler.go:59.46,61.47 2 0
github.com/Subcore/todo-app-v2/internal/handler/todo_handler.go:61.47,64.3 2 0
github.com/Subcore/todo-app-v2/internal/handler/todo_handler.go:66.2,67.16 2 0
github.com/Subcore/todo-app-v2/internal/handler/todo_handler.go:67.16,70.3 2 0
github.com/Subcore/todo-app-v2/internal/handler/todo_handler.go:72.2,72.34 1 0
github.com/Subcore/todo-app-v2/internal/handler/todo_handler.go:86.43,89.16 3 0
github.com/Subcore/todo-app-v2/internal/handler/todo_handler.go:89.16,92.3 2 0
github.com/Subcore/todo-app-v2/internal/handler/todo_handler.go:94.2,95.16 2 0
github.com/Subcore/todo-app-v2/internal/handler/todo_handler.go:95.16,96.45 1 0
github.com/Subcore/todo-app-v2/internal/handler/todo_handler.go:96.45,99.4 2 0
github.com/Subcore/todo-app-v2/internal/handler/todo_handler.go:100.3,101.9 2 0
github.com/Subcore/todo-app-v2/internal/handler/todo_handler.go:104.2,104.29 1 0
github.com/Subcore/todo-app-v2/internal/handler/todo_handler.go:120.46,122.50 2 0
github.com/Subcore/todo-app-v2/internal/handler/todo_handler.go:122.50,125.3 2 0
github.com/Subcore/todo-app-v2/internal/handler/todo_handler.go:127.2,135.16 3 0
github.com/Subcore/todo-app-v2/internal/handler/todo_handler.go:135.16,138.3 2 0
github.com/Subcore/todo-app-v2/internal/handler/todo_handler.go:140.2,140.30 1 0
github.com/Subcore/todo-app-v2/internal/handler/todo_handler.go:156.46,159.16 3 0
github.com/Subcore/todo-app-v2/internal/handler/todo_handler.go:159.16,162.3 2 0
github.com/Subcore/todo-app-v2/internal/handler/todo_handler.go:164.2,165.47 2 0
github.com/Subcore/todo-app-v2/internal/handler/todo_handler.go:165.47,168.3 2 0
github.com/Subcore/todo-app-v2/internal/handler/todo_handler.go:170.2,171.16 2 0
github.com/Subcore/todo-app-v2/internal/handler/todo_handler.go:171.16,172.45 1 0
github.com/Subcore/todo-app-v2/internal/handler/todo_handler.go:172.45,175.4 2 0
github.com/Subcore/todo-app-v2/internal/handler/todo_handler.go:176.3,177.9 2 0
github.com/Subcore/todo-app-v2/internal/handler/todo_handler.go:180.2,180.29 1 0
github.com/Subcore/todo-app-v2/internal/handler/todo_handler.go:195.46,198.16 3 0
github.com/Subcore/todo-app-v2/internal/handler/todo_handler.go:198.16,201.3 2 0
github.com/Subcore/todo-app-v2/internal/handler/todo_handler.go:203.2,203.72 1 0
github.com/Subcore/todo-app-v2/internal/handler/todo_handler.go:203.72,204.45 1 0
github.com/Subcore/todo-app-v2/internal/handler/todo_handler.go:204.45,207.4 2 0
github.com/Subcore/todo-app-v2/internal/handler/todo_handler.go:208.3,209.9 2 0
github.com/Subcore/todo-app-v2/internal/handler/todo_handler.go:212.2,213.27 2 0
github.com/Subcore/todo-app-v2/internal/handler/todo_handler.go:225.55,226.72 1 0
github.com/Subcore/todo-app-v2/internal/handler/todo_handler.go:226.72,229.3 2 0
github.com/Subcore/todo-app-v2/internal/handler/todo_handler.go:231.2,232.27 2 0
github.com/Subcore/todo-app-v2/internal/handler/todo_handler.go:244.50,246.16 2 0
github.com/Subcore/todo-app-v2/internal/handler/todo_handler.go:246.16,249.3 2 0
github.com/Subcore/todo-app-v2/internal/handler/todo_handler.go:251.2,251.30 1 0
github.com/Subcore/todo-app-v2/internal/router/router.go:12.43,19.34 3 0
github.com/Subcore/todo-app-v2/internal/router/router.go:19.34,21.3 1 0
github.com/Subcore/todo-app-v2/internal/router/router.go:24.2,27.38 2 0
github.com/Subcore/todo-app-v2/internal/router/router.go:27.38,29.3 1 0
github.com/Subcore/todo-app-v2/internal/router/router.go:30.2,30.39 1 0
github.com/Subcore/todo-app-v2/internal/router/router.go:30.39,32.3 1 0
github.com/Subcore/todo-app-v2/internal/router/router.go:35.2,46.2 8 0
github.com/Subcore/todo-app-v2/internal/router/router.go:46.2,48.3 2 0
github.com/Subcore/todo-app-v2/internal/router/router.go:48.3,56.4 7 0
github.com/Subcore/todo-app-v2/internal/router/router.go:59.2,59.10 1 0
github.com/Subcore/todo-app-v2/cmd/api/main.go:17.13,19.40 1 0
github.com/Subcore/todo-app-v2/cmd/api/main.go:19.40,21.3 1 0
github.com/Subcore/todo-app-v2/cmd/api/main.go:24.2,25.16 2 0
github.com/Subcore/todo-app-v2/cmd/api/main.go:25.16,27.3 1 0
github.com/Subcore/todo-app-v2/cmd/api/main.go:30.2,34.16 3 0
github.com/Subcore/todo-app-v2/cmd/api/main.go:34.16,36.3 1 0
github.com/Subcore/todo-app-v2/cmd/api/main.go:39.2,45.12 2 0
github.com/Subcore/todo-app-v2/cmd/api/main.go:45.12,47.77 2 0
github.com/Subcore/todo-app-v2/cmd/api/main.go:47.77,49.4 1 0
github.com/Subcore/todo-app-v2/cmd/api/main.go:54.2,67.42 7 0
github.com/Subcore/todo-app-v2/cmd/api/main.go:67.42,69.3 1 0
github.com/Subcore/todo-app-v2/cmd/api/main.go:72.2,73.16 2 0
github.com/Subcore/todo-app-v2/cmd/api/main.go:73.16,75.39 2 0
github.com/Subcore/todo-app-v2/cmd/api/main.go:75.39,77.4 1 0
github.com/Subcore/todo-app-v2/cmd/api/main.go:78.8,80.3 1 0
github.com/Subcore/todo-app-v2/cmd/api/main.go:82.2,82.31 1 0
